// Jest Snapshot v1, https://goo.gl/fbAQLP

exports[`<LineChart /> Should render without crash 1`] = `ShallowWrapper {}`;
